memory_allocate – тут инициализируются мьютексы.
fill_philos – заполняются данные философов.
start_threading_philos – создаются потоки философов.
philo_routine – основная рутина философа.
thinking – философ размышляет.
sleeping – философ спит.
eating – философ ест.
timeout – таймер на проверку смерти философов.
death_monitoring – проверка на смерть философа.
get_forks – инициализация вилок.
init_part – вспомогательная функция инициализации.
Основные проблемы:
Гонки данных (data race) – например, thinking, sleeping читают данные (адрес 0x4A7404C), а timeout их модифицирует без блокировки.
Нарушение порядка блокировок (lock order violation) – например, eating захватывает мьютексы в одном порядке, а в 
другом месте они блокируются в другом порядке, что может привести к взаимоблокировке (deadlock).